java.lang.NullPointerException 801
java.lang.IllegalStateException 802
org.springframework.aop.framework.AopConfigException 901
org.springframework.aop.AopInvocationException 902
org.springframework.context.ApplicationContextException 903
org.springframework.jdbc.BadSqlGrammarException 904
org.springframework.beans.factory.BeanCreationException 905
org.springframework.beans.factory.BeanCreationNotAllowedException 906
org.springframework.beans.factory.BeanCurrentlyInCreationException 907
org.springframework.beans.factory.parsing.BeanDefinitionParsingException 908
org.springframework.beans.factory.BeanDefinitionStoreException 909
org.springframework.beans.factory.support.BeanDefinitionValidationException 910
org.springframework.beans.factory.BeanExpressionException 911
org.springframework.beans.factory.BeanInitializationException 912
org.springframework.beans.BeanInstantiationException 913
org.springframework.beans.factory.BeanIsAbstractException 914
org.springframework.beans.factory.BeanIsNotAFactoryException 915
org.springframework.beans.factory.BeanNotOfRequiredTypeException 916
org.springframework.beans.BeansException 917
org.springframework.beans.factory.access.BootstrapException 918
org.springframework.scripting.bsh.BshScriptUtils.BshExecutionException 919
org.springframework.dao.CannotAcquireLockException 920
org.springframework.jca.cci.CannotCreateRecordException 921
org.springframework.transaction.CannotCreateTransactionException 922
org.springframework.jca.cci.CannotGetCciConnectionException 923
org.springframework.jdbc.CannotGetJdbcConnectionException 924
org.springframework.beans.factory.CannotLoadBeanClassException 925
org.springframework.dao.CannotSerializeTransactionException 926
org.springframework.jca.cci.CciOperationNotSupportedException 927
org.springframework.dao.CleanupFailureDataAccessException 928
org.springframework.dao.ConcurrencyFailureException 929
org.springframework.core.convert.ConversionException 930
org.springframework.core.convert.ConversionFailedException 931
org.springframework.beans.ConversionNotSupportedException 932
org.springframework.core.convert.ConverterNotFoundException 933
org.springframework.dao.DataAccessException 934
org.springframework.dao.DataAccessResourceFailureException 935
org.springframework.dao.DataIntegrityViolationException 936
org.springframework.dao.DataRetrievalFailureException 937
org.springframework.jdbc.datasource.lookup.DataSourceLookupFailureException 938
org.springframework.dao.DeadlockLoserDataAccessException 939
org.springframework.dao.DuplicateKeyException 940
org.springframework.ejb.access.EjbAccessException 941
org.springframework.dao.EmptyResultDataAccessException 942
org.springframework.beans.factory.FactoryBeanNotInitializedException 943
org.springframework.beans.FatalBeanException 944
org.springframework.web.bind.annotation.support.HandlerMethodInvocationException 945
org.springframework.transaction.HeuristicCompletionException 946
org.springframework.orm.hibernate3.HibernateOptimisticLockingFailureException 947
org.springframework.web.client.HttpClientErrorException 948
org.springframework.http.converter.HttpMessageConversionException 949
org.springframework.http.converter.HttpMessageNotReadableException 950
org.springframework.http.converter.HttpMessageNotWritableException 951
org.springframework.web.client.HttpServerErrorException 952
org.springframework.web.client.HttpStatusCodeException 953
org.springframework.transaction.IllegalTransactionStateException 954